Copyright 1986-2020 Xilinx, Inc. All Rights Reserved.
-------------------------------------------------------------------------------------
| Tool Version : Vivado v.2020.2 (win64) Build 3064766 Wed Nov 18 09:12:45 MST 2020
| Date         : Thu Feb 19 19:17:26 2026
| Host         : DESKTOP-7CFQ9ND running 64-bit major release  (build 9200)
| Command      : report_control_sets -verbose -file uart_top_control_sets_placed.rpt
| Design       : uart_top
| Device       : xc7a35t
-------------------------------------------------------------------------------------

Control Set Information

Table of Contents
-----------------
1. Summary
2. Histogram
3. Flip-Flop Distribution
4. Detailed Control Set Information

1. Summary
----------

+----------------------------------------------------------+-------+
|                          Status                          | Count |
+----------------------------------------------------------+-------+
| Total control sets                                       |    21 |
|    Minimum number of control sets                        |    21 |
|    Addition due to synthesis replication                 |     0 |
|    Addition due to physical synthesis replication        |     0 |
| Unused register locations in slices containing registers |    42 |
+----------------------------------------------------------+-------+
* Control sets can be merged at opt_design using control_set_merge or merge_equivalent_drivers
** Run report_qor_suggestions for automated merging and remapping suggestions


2. Histogram
------------

+--------------------+-------+
|       Fanout       | Count |
+--------------------+-------+
| Total control sets |    21 |
| >= 0 to < 4        |     1 |
| >= 4 to < 6        |     6 |
| >= 6 to < 8        |     8 |
| >= 8 to < 10       |     4 |
| >= 10 to < 12      |     0 |
| >= 12 to < 14      |     0 |
| >= 14 to < 16      |     0 |
| >= 16              |     2 |
+--------------------+-------+
* Control sets can be remapped at either synth_design or opt_design


3. Flip-Flop Distribution
-------------------------

+--------------+-----------------------+------------------------+-----------------+--------------+
| Clock Enable | Synchronous Set/Reset | Asynchronous Set/Reset | Total Registers | Total Slices |
+--------------+-----------------------+------------------------+-----------------+--------------+
| No           | No                    | No                     |               0 |            0 |
| No           | No                    | Yes                    |             162 |           56 |
| No           | Yes                   | No                     |               0 |            0 |
| Yes          | No                    | No                     |               0 |            0 |
| Yes          | No                    | Yes                    |             100 |           42 |
| Yes          | Yes                   | No                     |               0 |            0 |
+--------------+-----------------------+------------------------+-----------------+--------------+


4. Detailed Control Set Information
-----------------------------------

+---------------------------------------------+--------------------------------------------------------------------+------------------+------------------+----------------+--------------+
|                 Clock Signal                |                            Enable Signal                           | Set/Reset Signal | Slice Load Count | Bel Load Count | Bels / Slice |
+---------------------------------------------+--------------------------------------------------------------------+------------------+------------------+----------------+--------------+
|  U_STOPWATCH_WATCH/U_FND_cNTL/U_CLK_DIV/CLK |                                                                    | rst_IBUF         |                1 |              3 |         3.00 |
|  clk_IBUF_BUFG                              | U_UART_TX/FSM_onehot_c_state[3]_i_1_n_0                            | rst_IBUF         |                1 |              4 |         4.00 |
|  clk_IBUF_BUFG                              | U_UART_TX/b_tick_cnt_next                                          | rst_IBUF         |                1 |              4 |         4.00 |
|  clk_IBUF_BUFG                              | U_ASCII_SENDER/send_cnt_reg[3]_i_1_n_0                             | rst_IBUF         |                1 |              4 |         4.00 |
|  clk_IBUF_BUFG                              | U_UART_RX/b_tick_cnt_next                                          | rst_IBUF         |                2 |              5 |         2.50 |
|  clk_IBUF_BUFG                              | U_STOPWATCH_WATCH/U_WATCH_DATAPATH/w_min_counter/E[0]              | rst_IBUF         |                1 |              5 |         5.00 |
|  clk_IBUF_BUFG                              | U_STOPWATCH_WATCH/U_STOPWATCH_DATAPATH/min_counter/E[0]            | rst_IBUF         |                2 |              5 |         2.50 |
|  clk_IBUF_BUFG                              | U_STOPWATCH_WATCH/U_WATCH_DATAPATH/w_sec_counter/o_tick_reg_0[0]   | rst_IBUF         |                5 |              6 |         1.20 |
|  clk_IBUF_BUFG                              | U_STOPWATCH_WATCH/U_WATCH_DATAPATH/w_msec_counter/E[0]             | rst_IBUF         |                4 |              6 |         1.50 |
|  clk_IBUF_BUFG                              | U_STOPWATCH_WATCH/U_CONTROL_UNIT/E[0]                              | rst_IBUF         |                4 |              6 |         1.50 |
|  clk_IBUF_BUFG                              | U_STOPWATCH_WATCH/U_CONTROL_UNIT/FSM_onehot_current_st_reg[2]_0[0] | rst_IBUF         |                4 |              6 |         1.50 |
|  clk_IBUF_BUFG                              | U_UART_RX/buf_reg[6]_i_1_n_0                                       | rst_IBUF         |                2 |              7 |         3.50 |
|  clk_IBUF_BUFG                              | U_UART_TX/data_in_buf_next                                         | rst_IBUF         |                3 |              7 |         2.33 |
|  clk_IBUF_BUFG                              | U_STOPWATCH_WATCH/U_CONTROL_UNIT/FSM_onehot_current_st_reg[2]_1[0] | rst_IBUF         |                3 |              7 |         2.33 |
|  clk_IBUF_BUFG                              | U_STOPWATCH_WATCH/U_WATCH_DATAPATH/U_WATCH_TICK/E[0]               | rst_IBUF         |                3 |              7 |         2.33 |
|  U_BD_D/clk_100khz_reg_reg_n_0              |                                                                    | rst_IBUF         |                2 |              8 |         4.00 |
|  U_BD_L/clk_100khz_reg_reg_n_0              |                                                                    | rst_IBUF         |                3 |              8 |         2.67 |
|  U_BD_R/clk_100khz_reg_reg_n_0              |                                                                    | rst_IBUF         |                2 |              8 |         4.00 |
|  U_BD_U/clk_100khz_reg_reg_n_0              |                                                                    | rst_IBUF         |                2 |              8 |         4.00 |
|  clk_IBUF_BUFG                              | U_STOPWATCH_WATCH/U_CONTROL_UNIT/w_run_stop                        | rst_IBUF         |                6 |             21 |         3.50 |
|  clk_IBUF_BUFG                              |                                                                    | rst_IBUF         |               46 |            127 |         2.76 |
+---------------------------------------------+--------------------------------------------------------------------+------------------+------------------+----------------+--------------+


